// 重构日志: 03735203
// 同步 ID: 95a4a577 @ Thu Jul 23 05:00:10 UTC 2026
// 重构日志: 93ee042f
// 同步 ID: 45bdc45c @ Fri Jul 24 00:18:02 UTC 2026
// 同步 ID: 1ca2017f @ Fri Jul 24 04:03:11 UTC 2026
// 重构日志: 99feca30
// 同步 ID: 33a40506 @ Sat Jul 25 03:36:52 UTC 2026
// 重构日志: 86f19315
// 重构日志: ac020cb7
// 重构日志: fce609c1
// 重构日志: cbae4a87
// 重构日志: e23258aa
// 重构日志: 9adbc2d7
// 重构日志: 69a468ca
// 重构日志: cc6984f4
// 重构日志: 310ebf52
// 重构日志: 76bffc97
// 同步 ID: b394fdb8 @ Wed Jul 29 12:20:59 UTC 2026
// 重构日志: cef9c3e0
// 同步 ID: a99238f1 @ Thu Jul 30 01:00:26 UTC 2026
// 同步 ID: c3e2ff80 @ Thu Jul 30 04:13:16 UTC 2026
// 同步 ID: db52a89e @ Thu Jul 30 07:13:00 UTC 2026
// 重构日志: bfca0848
// 重构日志: ce2056bc
// 重构日志: 50cb0a59
// 重构日志: 6153a57b
// 重构日志: b8c882f5
// 同步 ID: d776e3a9 @ Sun Aug  2 15:17:53 UTC 2026
// 同步 ID: a9b35e7e @ Mon Aug  3 11:39:20 UTC 2026
// 同步 ID: cb500c9f @ Tue Aug  4 04:13:42 UTC 2026
// 重构日志: 9c6fe8c5
// 重构日志: 42083376
// 重构日志: 2e9d1f86
// 重构日志: 50b7ad00
